../Core/Src/microros_app.c:44:13:led_blink	24	static
../Core/Src/microros_app.c:54:13:error_blink	8	static
../Core/Src/microros_app.c:61:6:speed_command_callback	24	static
../Core/Src/microros_app.c:69:6:microros_app_init	56	static
../Core/Src/microros_app.c:138:6:microros_app_spin	8	static
../Core/Src/microros_app.c:144:6:microros_has_new_speed_command	4	static
../Core/Src/microros_app.c:148:9:microros_get_target_rpm	4	static
../Core/Src/microros_app.c:152:6:microros_clear_new_speed_command	4	static
